============================= test session starts =============================
platform win32 -- Python 3.14.2, pytest-9.0.2, pluggy-1.6.0 -- C:\Users\nandu\OneDrive\Desktop\CipherVerse\.venv\Scripts\python.exe
cachedir: .pytest_cache
rootdir: C:\Users\nandu\OneDrive\Desktop\CipherVerse\backend
plugins: anyio-4.12.1
collecting ... collected 24 items / 1 error

=================================== ERRORS ====================================
______________________ ERROR collecting test_output.txt _______________________
..\..\..\..\AppData\Local\Python\pythoncore-3.14-64\Lib\pathlib\__init__.py:788: in read_text
    return f.read()
           ^^^^^^^^
<frozen codecs>:325: in decode
    ???
E   UnicodeDecodeError: 'utf-8' codec can't decode byte 0xff in position 0: invalid start byte
============================== warnings summary ===============================
app\models\classical_models.py:5
  C:\Users\nandu\OneDrive\Desktop\CipherVerse\backend\app\models\classical_models.py:5: PydanticDeprecatedSince20: Using extra keyword arguments on `Field` is deprecated and will be removed. Use `json_schema_extra` instead. (Extra keys: 'example'). Deprecated in Pydantic V2.0 to be removed in V3.0. See Pydantic V2 Migration Guide at https://errors.pydantic.dev/2.12/migration/
    text: str = Field(..., example="HELLO")

app\models\classical_models.py:6
  C:\Users\nandu\OneDrive\Desktop\CipherVerse\backend\app\models\classical_models.py:6: PydanticDeprecatedSince20: Using extra keyword arguments on `Field` is deprecated and will be removed. Use `json_schema_extra` instead. (Extra keys: 'example'). Deprecated in Pydantic V2.0 to be removed in V3.0. See Pydantic V2 Migration Guide at https://errors.pydantic.dev/2.12/migration/
    shift: int = Field(..., example=3)

app\models\classical_models.py:10
  C:\Users\nandu\OneDrive\Desktop\CipherVerse\backend\app\models\classical_models.py:10: PydanticDeprecatedSince20: Using extra keyword arguments on `Field` is deprecated and will be removed. Use `json_schema_extra` instead. (Extra keys: 'example'). Deprecated in Pydantic V2.0 to be removed in V3.0. See Pydantic V2 Migration Guide at https://errors.pydantic.dev/2.12/migration/
    text: str = Field(..., example="HELLO")

app\models\classical_models.py:11
  C:\Users\nandu\OneDrive\Desktop\CipherVerse\backend\app\models\classical_models.py:11: PydanticDeprecatedSince20: Using extra keyword arguments on `Field` is deprecated and will be removed. Use `json_schema_extra` instead. (Extra keys: 'example'). Deprecated in Pydantic V2.0 to be removed in V3.0. See Pydantic V2 Migration Guide at https://errors.pydantic.dev/2.12/migration/
    keyword: str = Field(..., example="KEY")

app\models\classical_models.py:15
  C:\Users\nandu\OneDrive\Desktop\CipherVerse\backend\app\models\classical_models.py:15: PydanticDeprecatedSince20: Using extra keyword arguments on `Field` is deprecated and will be removed. Use `json_schema_extra` instead. (Extra keys: 'example'). Deprecated in Pydantic V2.0 to be removed in V3.0. See Pydantic V2 Migration Guide at https://errors.pydantic.dev/2.12/migration/
    text: str = Field(..., example="HELLO")

app\models\classical_models.py:22
  C:\Users\nandu\OneDrive\Desktop\CipherVerse\backend\app\models\classical_models.py:22: PydanticDeprecatedSince20: Using extra keyword arguments on `Field` is deprecated and will be removed. Use `json_schema_extra` instead. (Extra keys: 'example'). Deprecated in Pydantic V2.0 to be removed in V3.0. See Pydantic V2 Migration Guide at https://errors.pydantic.dev/2.12/migration/
    text: str = Field(..., example="HELLO")

app\models\classical_models.py:25
  C:\Users\nandu\OneDrive\Desktop\CipherVerse\backend\app\models\classical_models.py:25: PydanticDeprecatedSince20: Using extra keyword arguments on `Field` is deprecated and will be removed. Use `json_schema_extra` instead. (Extra keys: 'example'). Deprecated in Pydantic V2.0 to be removed in V3.0. See Pydantic V2 Migration Guide at https://errors.pydantic.dev/2.12/migration/
    text: str = Field(..., example="HELLO")

app\models\classical_models.py:26
  C:\Users\nandu\OneDrive\Desktop\CipherVerse\backend\app\models\classical_models.py:26: PydanticDeprecatedSince20: Using extra keyword arguments on `Field` is deprecated and will be removed. Use `json_schema_extra` instead. (Extra keys: 'example'). Deprecated in Pydantic V2.0 to be removed in V3.0. See Pydantic V2 Migration Guide at https://errors.pydantic.dev/2.12/migration/
    keyword: str = Field(..., example="KEY")

app\models\classical_models.py:29
  C:\Users\nandu\OneDrive\Desktop\CipherVerse\backend\app\models\classical_models.py:29: PydanticDeprecatedSince20: Using extra keyword arguments on `Field` is deprecated and will be removed. Use `json_schema_extra` instead. (Extra keys: 'example'). Deprecated in Pydantic V2.0 to be removed in V3.0. See Pydantic V2 Migration Guide at https://errors.pydantic.dev/2.12/migration/
    text: str = Field(..., example="HELLO")

app\models\classical_models.py:30
  C:\Users\nandu\OneDrive\Desktop\CipherVerse\backend\app\models\classical_models.py:30: PydanticDeprecatedSince20: Using extra keyword arguments on `Field` is deprecated and will be removed. Use `json_schema_extra` instead. (Extra keys: 'example'). Deprecated in Pydantic V2.0 to be removed in V3.0. See Pydantic V2 Migration Guide at https://errors.pydantic.dev/2.12/migration/
    a: int = Field(..., example=3)

app\models\classical_models.py:31
  C:\Users\nandu\OneDrive\Desktop\CipherVerse\backend\app\models\classical_models.py:31: PydanticDeprecatedSince20: Using extra keyword arguments on `Field` is deprecated and will be removed. Use `json_schema_extra` instead. (Extra keys: 'example'). Deprecated in Pydantic V2.0 to be removed in V3.0. See Pydantic V2 Migration Guide at https://errors.pydantic.dev/2.12/migration/
    b: int = Field(..., example=5)

app\models\classical_models.py:34
  C:\Users\nandu\OneDrive\Desktop\CipherVerse\backend\app\models\classical_models.py:34: PydanticDeprecatedSince20: Using extra keyword arguments on `Field` is deprecated and will be removed. Use `json_schema_extra` instead. (Extra keys: 'example'). Deprecated in Pydantic V2.0 to be removed in V3.0. See Pydantic V2 Migration Guide at https://errors.pydantic.dev/2.12/migration/
    text: str = Field(..., example="HELLO")

app\models\classical_models.py:37
  C:\Users\nandu\OneDrive\Desktop\CipherVerse\backend\app\models\classical_models.py:37: PydanticDeprecatedSince20: Using extra keyword arguments on `Field` is deprecated and will be removed. Use `json_schema_extra` instead. (Extra keys: 'example'). Deprecated in Pydantic V2.0 to be removed in V3.0. See Pydantic V2 Migration Guide at https://errors.pydantic.dev/2.12/migration/
    text: str = Field(..., example="HELLO")

app\models\classical_models.py:38
  C:\Users\nandu\OneDrive\Desktop\CipherVerse\backend\app\models\classical_models.py:38: PydanticDeprecatedSince20: Using extra keyword arguments on `Field` is deprecated and will be removed. Use `json_schema_extra` instead. (Extra keys: 'example'). Deprecated in Pydantic V2.0 to be removed in V3.0. See Pydantic V2 Migration Guide at https://errors.pydantic.dev/2.12/migration/
    rails: int = Field(..., example=3)

app\models\classical_models.py:41
  C:\Users\nandu\OneDrive\Desktop\CipherVerse\backend\app\models\classical_models.py:41: PydanticDeprecatedSince20: Using extra keyword arguments on `Field` is deprecated and will be removed. Use `json_schema_extra` instead. (Extra keys: 'example'). Deprecated in Pydantic V2.0 to be removed in V3.0. See Pydantic V2 Migration Guide at https://errors.pydantic.dev/2.12/migration/
    text: str = Field(..., example="HELLO")

app\models\classical_models.py:42
  C:\Users\nandu\OneDrive\Desktop\CipherVerse\backend\app\models\classical_models.py:42: PydanticDeprecatedSince20: Using extra keyword arguments on `Field` is deprecated and will be removed. Use `json_schema_extra` instead. (Extra keys: 'example'). Deprecated in Pydantic V2.0 to be removed in V3.0. See Pydantic V2 Migration Guide at https://errors.pydantic.dev/2.12/migration/
    keyword: str = Field(..., example="QWERTYUIOPASDFGHJKLZXCVBNM")

app\models\hashing_models.py:5
  C:\Users\nandu\OneDrive\Desktop\CipherVerse\backend\app\models\hashing_models.py:5: PydanticDeprecatedSince20: Using extra keyword arguments on `Field` is deprecated and will be removed. Use `json_schema_extra` instead. (Extra keys: 'example'). Deprecated in Pydantic V2.0 to be removed in V3.0. See Pydantic V2 Migration Guide at https://errors.pydantic.dev/2.12/migration/
    text: str = Field(..., example="hello")

app\models\hashing_models.py:6
  C:\Users\nandu\OneDrive\Desktop\CipherVerse\backend\app\models\hashing_models.py:6: PydanticDeprecatedSince20: Using extra keyword arguments on `Field` is deprecated and will be removed. Use `json_schema_extra` instead. (Extra keys: 'example'). Deprecated in Pydantic V2.0 to be removed in V3.0. See Pydantic V2 Migration Guide at https://errors.pydantic.dev/2.12/migration/
    algorithm: str = Field("sha256", example="sha256")

app\models\hashing_models.py:9
  C:\Users\nandu\OneDrive\Desktop\CipherVerse\backend\app\models\hashing_models.py:9: PydanticDeprecatedSince20: Using extra keyword arguments on `Field` is deprecated and will be removed. Use `json_schema_extra` instead. (Extra keys: 'example'). Deprecated in Pydantic V2.0 to be removed in V3.0. See Pydantic V2 Migration Guide at https://errors.pydantic.dev/2.12/migration/
    message: str = Field(..., example="secret message")

app\models\hashing_models.py:10
  C:\Users\nandu\OneDrive\Desktop\CipherVerse\backend\app\models\hashing_models.py:10: PydanticDeprecatedSince20: Using extra keyword arguments on `Field` is deprecated and will be removed. Use `json_schema_extra` instead. (Extra keys: 'example'). Deprecated in Pydantic V2.0 to be removed in V3.0. See Pydantic V2 Migration Guide at https://errors.pydantic.dev/2.12/migration/
    key: str = Field(..., example="supersecret")

app\models\hashing_models.py:11
  C:\Users\nandu\OneDrive\Desktop\CipherVerse\backend\app\models\hashing_models.py:11: PydanticDeprecatedSince20: Using extra keyword arguments on `Field` is deprecated and will be removed. Use `json_schema_extra` instead. (Extra keys: 'example'). Deprecated in Pydantic V2.0 to be removed in V3.0. See Pydantic V2 Migration Guide at https://errors.pydantic.dev/2.12/migration/
    algorithm: str = Field("sha256", example="sha256")

app\models\hashing_models.py:14
  C:\Users\nandu\OneDrive\Desktop\CipherVerse\backend\app\models\hashing_models.py:14: PydanticDeprecatedSince20: Using extra keyword arguments on `Field` is deprecated and will be removed. Use `json_schema_extra` instead. (Extra keys: 'example'). Deprecated in Pydantic V2.0 to be removed in V3.0. See Pydantic V2 Migration Guide at https://errors.pydantic.dev/2.12/migration/
    password: str = Field(..., example="mypassword")

app\models\hashing_models.py:15
  C:\Users\nandu\OneDrive\Desktop\CipherVerse\backend\app\models\hashing_models.py:15: PydanticDeprecatedSince20: Using extra keyword arguments on `Field` is deprecated and will be removed. Use `json_schema_extra` instead. (Extra keys: 'example'). Deprecated in Pydantic V2.0 to be removed in V3.0. See Pydantic V2 Migration Guide at https://errors.pydantic.dev/2.12/migration/
    iterations: int = Field(100000, example=100000)

app\models\hashing_models.py:16
  C:\Users\nandu\OneDrive\Desktop\CipherVerse\backend\app\models\hashing_models.py:16: PydanticDeprecatedSince20: Using extra keyword arguments on `Field` is deprecated and will be removed. Use `json_schema_extra` instead. (Extra keys: 'example'). Deprecated in Pydantic V2.0 to be removed in V3.0. See Pydantic V2 Migration Guide at https://errors.pydantic.dev/2.12/migration/
    dklen: int = Field(32, example=32)

app\models\hashing_models.py:17
  C:\Users\nandu\OneDrive\Desktop\CipherVerse\backend\app\models\hashing_models.py:17: PydanticDeprecatedSince20: Using extra keyword arguments on `Field` is deprecated and will be removed. Use `json_schema_extra` instead. (Extra keys: 'example'). Deprecated in Pydantic V2.0 to be removed in V3.0. See Pydantic V2 Migration Guide at https://errors.pydantic.dev/2.12/migration/
    hash_name: str = Field("sha256", example="sha256")

app\models\hashing_models.py:20
  C:\Users\nandu\OneDrive\Desktop\CipherVerse\backend\app\models\hashing_models.py:20: PydanticDeprecatedSince20: Using extra keyword arguments on `Field` is deprecated and will be removed. Use `json_schema_extra` instead. (Extra keys: 'example'). Deprecated in Pydantic V2.0 to be removed in V3.0. See Pydantic V2 Migration Guide at https://errors.pydantic.dev/2.12/migration/
    password: str = Field(..., example="mypassword")

app\models\hashing_models.py:21
  C:\Users\nandu\OneDrive\Desktop\CipherVerse\backend\app\models\hashing_models.py:21: PydanticDeprecatedSince20: Using extra keyword arguments on `Field` is deprecated and will be removed. Use `json_schema_extra` instead. (Extra keys: 'example'). Deprecated in Pydantic V2.0 to be removed in V3.0. See Pydantic V2 Migration Guide at https://errors.pydantic.dev/2.12/migration/
    n: int = Field(16384, example=16384)

app\models\hashing_models.py:22
  C:\Users\nandu\OneDrive\Desktop\CipherVerse\backend\app\models\hashing_models.py:22: PydanticDeprecatedSince20: Using extra keyword arguments on `Field` is deprecated and will be removed. Use `json_schema_extra` instead. (Extra keys: 'example'). Deprecated in Pydantic V2.0 to be removed in V3.0. See Pydantic V2 Migration Guide at https://errors.pydantic.dev/2.12/migration/
    r: int = Field(8, example=8)

app\models\hashing_models.py:23
  C:\Users\nandu\OneDrive\Desktop\CipherVerse\backend\app\models\hashing_models.py:23: PydanticDeprecatedSince20: Using extra keyword arguments on `Field` is deprecated and will be removed. Use `json_schema_extra` instead. (Extra keys: 'example'). Deprecated in Pydantic V2.0 to be removed in V3.0. See Pydantic V2 Migration Guide at https://errors.pydantic.dev/2.12/migration/
    p: int = Field(1, example=1)

app\models\hashing_models.py:24
  C:\Users\nandu\OneDrive\Desktop\CipherVerse\backend\app\models\hashing_models.py:24: PydanticDeprecatedSince20: Using extra keyword arguments on `Field` is deprecated and will be removed. Use `json_schema_extra` instead. (Extra keys: 'example'). Deprecated in Pydantic V2.0 to be removed in V3.0. See Pydantic V2 Migration Guide at https://errors.pydantic.dev/2.12/migration/
    dklen: int = Field(64, example=64)

app\models\encoding_models.py:4
  C:\Users\nandu\OneDrive\Desktop\CipherVerse\backend\app\models\encoding_models.py:4: PydanticDeprecatedSince20: Using extra keyword arguments on `Field` is deprecated and will be removed. Use `json_schema_extra` instead. (Extra keys: 'example'). Deprecated in Pydantic V2.0 to be removed in V3.0. See Pydantic V2 Migration Guide at https://errors.pydantic.dev/2.12/migration/
    data: str = Field(..., example="hello")

app\models\encoding_models.py:10
  C:\Users\nandu\OneDrive\Desktop\CipherVerse\backend\app\models\encoding_models.py:10: PydanticDeprecatedSince20: Using extra keyword arguments on `Field` is deprecated and will be removed. Use `json_schema_extra` instead. (Extra keys: 'example'). Deprecated in Pydantic V2.0 to be removed in V3.0. See Pydantic V2 Migration Guide at https://errors.pydantic.dev/2.12/migration/
    data: str = Field(..., example="HELLO")

app\models\encoding_models.py:13
  C:\Users\nandu\OneDrive\Desktop\CipherVerse\backend\app\models\encoding_models.py:13: PydanticDeprecatedSince20: Using extra keyword arguments on `Field` is deprecated and will be removed. Use `json_schema_extra` instead. (Extra keys: 'example'). Deprecated in Pydantic V2.0 to be removed in V3.0. See Pydantic V2 Migration Guide at https://errors.pydantic.dev/2.12/migration/
    data: str = Field(..., example="hello")

app\models\certificates_models.py:15
  C:\Users\nandu\OneDrive\Desktop\CipherVerse\backend\app\models\certificates_models.py:15: PydanticDeprecatedSince20: Using extra keyword arguments on `Field` is deprecated and will be removed. Use `json_schema_extra` instead. (Extra keys: 'example'). Deprecated in Pydantic V2.0 to be removed in V3.0. See Pydantic V2 Migration Guide at https://errors.pydantic.dev/2.12/migration/
    hostname: str = Field(..., example="google.com")

app\models\certificates_models.py:16
  C:\Users\nandu\OneDrive\Desktop\CipherVerse\backend\app\models\certificates_models.py:16: PydanticDeprecatedSince20: Using extra keyword arguments on `Field` is deprecated and will be removed. Use `json_schema_extra` instead. (Extra keys: 'example'). Deprecated in Pydantic V2.0 to be removed in V3.0. See Pydantic V2 Migration Guide at https://errors.pydantic.dev/2.12/migration/
    port: int = Field(443, example=443)

app\models\file_tools_models.py:5
  C:\Users\nandu\OneDrive\Desktop\CipherVerse\backend\app\models\file_tools_models.py:5: PydanticDeprecatedSince20: Using extra keyword arguments on `Field` is deprecated and will be removed. Use `json_schema_extra` instead. (Extra keys: 'example'). Deprecated in Pydantic V2.0 to be removed in V3.0. See Pydantic V2 Migration Guide at https://errors.pydantic.dev/2.12/migration/
    filepath: str = Field(..., example="C:/test/file.txt")

app\models\analysis_models.py:5
  C:\Users\nandu\OneDrive\Desktop\CipherVerse\backend\app\models\analysis_models.py:5: PydanticDeprecatedSince20: Using extra keyword arguments on `Field` is deprecated and will be removed. Use `json_schema_extra` instead. (Extra keys: 'example'). Deprecated in Pydantic V2.0 to be removed in V3.0. See Pydantic V2 Migration Guide at https://errors.pydantic.dev/2.12/migration/
    hash_value: str = Field(..., example="5d41402abc4b2a76b9719d911017c592")

app\models\blockchain_models.py:5
  C:\Users\nandu\OneDrive\Desktop\CipherVerse\backend\app\models\blockchain_models.py:5: PydanticDeprecatedSince20: Using extra keyword arguments on `Field` is deprecated and will be removed. Use `json_schema_extra` instead. (Extra keys: 'example'). Deprecated in Pydantic V2.0 to be removed in V3.0. See Pydantic V2 Migration Guide at https://errors.pydantic.dev/2.12/migration/
    address: str = Field(..., example="1A1zP1eP5QGefi2DMPTfTL5SLmv7DivfNa")

app\models\steganography_models.py:4
  C:\Users\nandu\OneDrive\Desktop\CipherVerse\backend\app\models\steganography_models.py:4: PydanticDeprecatedSince20: Using extra keyword arguments on `Field` is deprecated and will be removed. Use `json_schema_extra` instead. (Extra keys: 'example'). Deprecated in Pydantic V2.0 to be removed in V3.0. See Pydantic V2 Migration Guide at https://errors.pydantic.dev/2.12/migration/
    cover_text: str = Field(..., example="This is a normal message.")

app\models\steganography_models.py:5
  C:\Users\nandu\OneDrive\Desktop\CipherVerse\backend\app\models\steganography_models.py:5: PydanticDeprecatedSince20: Using extra keyword arguments on `Field` is deprecated and will be removed. Use `json_schema_extra` instead. (Extra keys: 'example'). Deprecated in Pydantic V2.0 to be removed in V3.0. See Pydantic V2 Migration Guide at https://errors.pydantic.dev/2.12/migration/
    secret: str = Field(..., example="top secret")

app\models\steganography_models.py:8
  C:\Users\nandu\OneDrive\Desktop\CipherVerse\backend\app\models\steganography_models.py:8: PydanticDeprecatedSince20: Using extra keyword arguments on `Field` is deprecated and will be removed. Use `json_schema_extra` instead. (Extra keys: 'example'). Deprecated in Pydantic V2.0 to be removed in V3.0. See Pydantic V2 Migration Guide at https://errors.pydantic.dev/2.12/migration/
    input_img: str = Field(..., example="C:/test/input.png")

app\models\steganography_models.py:9
  C:\Users\nandu\OneDrive\Desktop\CipherVerse\backend\app\models\steganography_models.py:9: PydanticDeprecatedSince20: Using extra keyword arguments on `Field` is deprecated and will be removed. Use `json_schema_extra` instead. (Extra keys: 'example'). Deprecated in Pydantic V2.0 to be removed in V3.0. See Pydantic V2 Migration Guide at https://errors.pydantic.dev/2.12/migration/
    output_img: str = Field(..., example="C:/test/stego.png")

app\models\steganography_models.py:10
  C:\Users\nandu\OneDrive\Desktop\CipherVerse\backend\app\models\steganography_models.py:10: PydanticDeprecatedSince20: Using extra keyword arguments on `Field` is deprecated and will be removed. Use `json_schema_extra` instead. (Extra keys: 'example'). Deprecated in Pydantic V2.0 to be removed in V3.0. See Pydantic V2 Migration Guide at https://errors.pydantic.dev/2.12/migration/
    secret: str = Field(..., example="top secret")

app\models\steganography_models.py:13
  C:\Users\nandu\OneDrive\Desktop\CipherVerse\backend\app\models\steganography_models.py:13: PydanticDeprecatedSince20: Using extra keyword arguments on `Field` is deprecated and will be removed. Use `json_schema_extra` instead. (Extra keys: 'example'). Deprecated in Pydantic V2.0 to be removed in V3.0. See Pydantic V2 Migration Guide at https://errors.pydantic.dev/2.12/migration/
    input_wav: str = Field(..., example="C:/test/input.wav")

app\models\steganography_models.py:14
  C:\Users\nandu\OneDrive\Desktop\CipherVerse\backend\app\models\steganography_models.py:14: PydanticDeprecatedSince20: Using extra keyword arguments on `Field` is deprecated and will be removed. Use `json_schema_extra` instead. (Extra keys: 'example'). Deprecated in Pydantic V2.0 to be removed in V3.0. See Pydantic V2 Migration Guide at https://errors.pydantic.dev/2.12/migration/
    output_wav: str = Field(..., example="C:/test/stego.wav")

app\models\steganography_models.py:15
  C:\Users\nandu\OneDrive\Desktop\CipherVerse\backend\app\models\steganography_models.py:15: PydanticDeprecatedSince20: Using extra keyword arguments on `Field` is deprecated and will be removed. Use `json_schema_extra` instead. (Extra keys: 'example'). Deprecated in Pydantic V2.0 to be removed in V3.0. See Pydantic V2 Migration Guide at https://errors.pydantic.dev/2.12/migration/
    secret: str = Field(..., example="top secret")

app\models\utilities_models.py:5
  C:\Users\nandu\OneDrive\Desktop\CipherVerse\backend\app\models\utilities_models.py:5: PydanticDeprecatedSince20: Using extra keyword arguments on `Field` is deprecated and will be removed. Use `json_schema_extra` instead. (Extra keys: 'example'). Deprecated in Pydantic V2.0 to be removed in V3.0. See Pydantic V2 Migration Guide at https://errors.pydantic.dev/2.12/migration/
    password: str = Field(..., example="P@ssw0rd123!")

-- Docs: https://docs.pytest.org/en/stable/how-to/capture-warnings.html
=========================== short test summary info ===========================
ERROR test_output.txt - UnicodeDecodeError: 'utf-8' codec can't decode byte 0...
!!!!!!!!!!!!!!!!!!! Interrupted: 1 error during collection !!!!!!!!!!!!!!!!!!!!
======================== 47 warnings, 1 error in 0.77s ========================
